---
source: crates/ruff_linter/src/rules/flake8_type_checking/mod.rs
---
TCH006.py:1:4: TCH006 Invalid string member in `X | Y`-style union type
  |
1 | x: "int" | str  # TCH006
  |    ^^^^^ TCH006
2 | x: ("int" | str) | "bool"  # TCH006
  |

TCH006.py:2:5: TCH006 Invalid string member in `X | Y`-style union type
  |
1 | x: "int" | str  # TCH006
2 | x: ("int" | str) | "bool"  # TCH006
  |     ^^^^^ TCH006
  |

TCH006.py:2:20: TCH006 Invalid string member in `X | Y`-style union type
  |
1 | x: "int" | str  # TCH006
2 | x: ("int" | str) | "bool"  # TCH006
  |                    ^^^^^^ TCH006
  |


